Archive member included to satisfy reference by file (symbol)

c:/st/stm32cubeide_1.8.0/stm32cubeide/plugins/com.st.stm32cube.ide.mcu.externaltools.gnu-tools-for-stm32.9-2020-q2-update.win32_2.0.0.202105311346/tools/bin/../lib/gcc/arm-none-eabi/9.3.1/../../../../arm-none-eabi/lib/thumb/v7e-m+fp/hard\libc_nano.a(lib_a-errno.o)
                              ./Core/Src/syscalls.o (__errno)
c:/st/stm32cubeide_1.8.0/stm32cubeide/plugins/com.st.stm32cube.ide.mcu.externaltools.gnu-tools-for-stm32.9-2020-q2-update.win32_2.0.0.202105311346/tools/bin/../lib/gcc/arm-none-eabi/9.3.1/../../../../arm-none-eabi/lib/thumb/v7e-m+fp/hard\libc_nano.a(lib_a-exit.o)
                              c:/st/stm32cubeide_1.8.0/stm32cubeide/plugins/com.st.stm32cube.ide.mcu.externaltools.gnu-tools-for-stm32.9-2020-q2-update.win32_2.0.0.202105311346/tools/bin/../lib/gcc/arm-none-eabi/9.3.1/../../../../arm-none-eabi/lib/thumb/v7e-m+fp/hard/crt0.o (exit)
c:/st/stm32cubeide_1.8.0/stm32cubeide/plugins/com.st.stm32cube.ide.mcu.externaltools.gnu-tools-for-stm32.9-2020-q2-update.win32_2.0.0.202105311346/tools/bin/../lib/gcc/arm-none-eabi/9.3.1/../../../../arm-none-eabi/lib/thumb/v7e-m+fp/hard\libc_nano.a(lib_a-impure.o)
                              c:/st/stm32cubeide_1.8.0/stm32cubeide/plugins/com.st.stm32cube.ide.mcu.externaltools.gnu-tools-for-stm32.9-2020-q2-update.win32_2.0.0.202105311346/tools/bin/../lib/gcc/arm-none-eabi/9.3.1/../../../../arm-none-eabi/lib/thumb/v7e-m+fp/hard\libc_nano.a(lib_a-exit.o) (_global_impure_ptr)
c:/st/stm32cubeide_1.8.0/stm32cubeide/plugins/com.st.stm32cube.ide.mcu.externaltools.gnu-tools-for-stm32.9-2020-q2-update.win32_2.0.0.202105311346/tools/bin/../lib/gcc/arm-none-eabi/9.3.1/../../../../arm-none-eabi/lib/thumb/v7e-m+fp/hard\libc_nano.a(lib_a-init.o)
                              c:/st/stm32cubeide_1.8.0/stm32cubeide/plugins/com.st.stm32cube.ide.mcu.externaltools.gnu-tools-for-stm32.9-2020-q2-update.win32_2.0.0.202105311346/tools/bin/../lib/gcc/arm-none-eabi/9.3.1/../../../../arm-none-eabi/lib/thumb/v7e-m+fp/hard/crt0.o (__libc_init_array)
c:/st/stm32cubeide_1.8.0/stm32cubeide/plugins/com.st.stm32cube.ide.mcu.externaltools.gnu-tools-for-stm32.9-2020-q2-update.win32_2.0.0.202105311346/tools/bin/../lib/gcc/arm-none-eabi/9.3.1/../../../../arm-none-eabi/lib/thumb/v7e-m+fp/hard\libc_nano.a(lib_a-memset.o)
                              c:/st/stm32cubeide_1.8.0/stm32cubeide/plugins/com.st.stm32cube.ide.mcu.externaltools.gnu-tools-for-stm32.9-2020-q2-update.win32_2.0.0.202105311346/tools/bin/../lib/gcc/arm-none-eabi/9.3.1/../../../../arm-none-eabi/lib/thumb/v7e-m+fp/hard/crt0.o (memset)
c:/st/stm32cubeide_1.8.0/stm32cubeide/plugins/com.st.stm32cube.ide.mcu.externaltools.gnu-tools-for-stm32.9-2020-q2-update.win32_2.0.0.202105311346/tools/bin/../lib/gcc/arm-none-eabi/9.3.1/thumb/v7e-m+fp/hard\libgcc.a(_aeabi_uldivmod.o)
                              ./Drivers/STM32F4xx_HAL_Driver/Src/stm32f4xx_hal_rcc.o (__aeabi_uldivmod)
c:/st/stm32cubeide_1.8.0/stm32cubeide/plugins/com.st.stm32cube.ide.mcu.externaltools.gnu-tools-for-stm32.9-2020-q2-update.win32_2.0.0.202105311346/tools/bin/../lib/gcc/arm-none-eabi/9.3.1/thumb/v7e-m+fp/hard\libgcc.a(_udivmoddi4.o)
                              c:/st/stm32cubeide_1.8.0/stm32cubeide/plugins/com.st.stm32cube.ide.mcu.externaltools.gnu-tools-for-stm32.9-2020-q2-update.win32_2.0.0.202105311346/tools/bin/../lib/gcc/arm-none-eabi/9.3.1/thumb/v7e-m+fp/hard\libgcc.a(_aeabi_uldivmod.o) (__udivmoddi4)
c:/st/stm32cubeide_1.8.0/stm32cubeide/plugins/com.st.stm32cube.ide.mcu.externaltools.gnu-tools-for-stm32.9-2020-q2-update.win32_2.0.0.202105311346/tools/bin/../lib/gcc/arm-none-eabi/9.3.1/thumb/v7e-m+fp/hard\libgcc.a(_dvmd_tls.o)
                              c:/st/stm32cubeide_1.8.0/stm32cubeide/plugins/com.st.stm32cube.ide.mcu.externaltools.gnu-tools-for-stm32.9-2020-q2-update.win32_2.0.0.202105311346/tools/bin/../lib/gcc/arm-none-eabi/9.3.1/thumb/v7e-m+fp/hard\libgcc.a(_aeabi_uldivmod.o) (__aeabi_ldiv0)

Allocating common symbols
Common symbol       size              file

hi2c1               0x54              ./Core/Src/main.o
hiwdg               0xc               ./Core/Src/main.o
uwTick              0x4               ./Drivers/STM32F4xx_HAL_Driver/Src/stm32f4xx_hal.o
pFlash              0x20              ./Drivers/STM32F4xx_HAL_Driver/Src/stm32f4xx_hal_flash.o
hspi3               0x58              ./Core/Src/main.o
hdma_usart1_tx      0x60              ./Core/Src/main.o
hdma_usart6_tx      0x60              ./Core/Src/main.o
hadc1               0x48              ./Core/Src/main.o
hdma_usart2_tx      0x60              ./Core/Src/main.o
huart1              0x44              ./Core/Src/main.o
hdma_adc1           0x60              ./Core/Src/main.o
htim6               0x48              ./Core/Src/main.o
huart6              0x44              ./Core/Src/main.o
hspi1               0x58              ./Core/Src/main.o
huart2              0x44              ./Core/Src/main.o
[...]
Memory Configuration

Name             Origin             Length             Attributes
RAM              0x0000000020000000 0x0000000000040000 xrw
FLASH            0x0000000008000000 0x0000000000080000 xr
*default*        0x0000000000000000 0xffffffffffffffff

Linker script and memory map

LOAD c:/st/stm32cubeide_1.8.0/stm32cubeide/plugins/com.st.stm32cube.ide.mcu.externaltools.gnu-tools-for-stm32.9-2020-q2-update.win32_2.0.0.202105311346/tools/bin/../lib/gcc/arm-none-eabi/9.3.1/thumb/v7e-m+fp/hard/crti.o
LOAD c:/st/stm32cubeide_1.8.0/stm32cubeide/plugins/com.st.stm32cube.ide.mcu.externaltools.gnu-tools-for-stm32.9-2020-q2-update.win32_2.0.0.202105311346/tools/bin/../lib/gcc/arm-none-eabi/9.3.1/thumb/v7e-m+fp/hard/crtbegin.o
LOAD c:/st/stm32cubeide_1.8.0/stm32cubeide/plugins/com.st.stm32cube.ide.mcu.externaltools.gnu-tools-for-stm32.9-2020-q2-update.win32_2.0.0.202105311346/tools/bin/../lib/gcc/arm-none-eabi/9.3.1/../../../../arm-none-eabi/lib/thumb/v7e-m+fp/hard/crt0.o
LOAD ./Core/Src/main.o
LOAD ./Core/Src/stm32f4xx_hal_msp.o
LOAD ./Core/Src/stm32f4xx_it.o
LOAD ./Core/Src/syscalls.o
LOAD ./Core/Src/sysmem.o
LOAD ./Core/Src/system_stm32f4xx.o
LOAD ./Core/Startup/startup_stm32f412retx.o
LOAD ./Drivers/STM32F4xx_HAL_Driver/Src/stm32f4xx_hal.o
LOAD ./Drivers/STM32F4xx_HAL_Driver/Src/stm32f4xx_hal_adc.o
LOAD ./Drivers/STM32F4xx_HAL_Driver/Src/stm32f4xx_hal_adc_ex.o
LOAD ./Drivers/STM32F4xx_HAL_Driver/Src/stm32f4xx_hal_cortex.o
LOAD ./Drivers/STM32F4xx_HAL_Driver/Src/stm32f4xx_hal_dma.o
LOAD ./Drivers/STM32F4xx_HAL_Driver/Src/stm32f4xx_hal_dma_ex.o
LOAD ./Drivers/STM32F4xx_HAL_Driver/Src/stm32f4xx_hal_exti.o
LOAD ./Drivers/STM32F4xx_HAL_Driver/Src/stm32f4xx_hal_flash.o
LOAD ./Drivers/STM32F4xx_HAL_Driver/Src/stm32f4xx_hal_flash_ex.o
LOAD ./Drivers/STM32F4xx_HAL_Driver/Src/stm32f4xx_hal_flash_ramfunc.o
LOAD ./Drivers/STM32F4xx_HAL_Driver/Src/stm32f4xx_hal_gpio.o
LOAD ./Drivers/STM32F4xx_HAL_Driver/Src/stm32f4xx_hal_i2c.o
LOAD ./Drivers/STM32F4xx_HAL_Driver/Src/stm32f4xx_hal_i2c_ex.o
LOAD ./Drivers/STM32F4xx_HAL_Driver/Src/stm32f4xx_hal_iwdg.o
LOAD ./Drivers/STM32F4xx_HAL_Driver/Src/stm32f4xx_hal_pwr.o
LOAD ./Drivers/STM32F4xx_HAL_Driver/Src/stm32f4xx_hal_pwr_ex.o
LOAD ./Drivers/STM32F4xx_HAL_Driver/Src/stm32f4xx_hal_rcc.o
LOAD ./Drivers/STM32F4xx_HAL_Driver/Src/stm32f4xx_hal_rcc_ex.o
LOAD ./Drivers/STM32F4xx_HAL_Driver/Src/stm32f4xx_hal_spi.o
LOAD ./Drivers/STM32F4xx_HAL_Driver/Src/stm32f4xx_hal_tim.o
LOAD ./Drivers/STM32F4xx_HAL_Driver/Src/stm32f4xx_hal_tim_ex.o
LOAD ./Drivers/STM32F4xx_HAL_Driver/Src/stm32f4xx_hal_uart.o
LOAD ./Drivers/STM32F4xx_HAL_Driver/Src/stm32f4xx_ll_adc.o
START GROUP
LOAD c:/st/stm32cubeide_1.8.0/stm32cubeide/plugins/com.st.stm32cube.ide.mcu.externaltools.gnu-tools-for-stm32.9-2020-q2-update.win32_2.0.0.202105311346/tools/bin/../lib/gcc/arm-none-eabi/9.3.1/../../../../arm-none-eabi/lib/thumb/v7e-m+fp/hard\libc_nano.a
LOAD c:/st/stm32cubeide_1.8.0/stm32cubeide/plugins/com.st.stm32cube.ide.mcu.externaltools.gnu-tools-for-stm32.9-2020-q2-update.win32_2.0.0.202105311346/tools/bin/../lib/gcc/arm-none-eabi/9.3.1/../../../../arm-none-eabi/lib/thumb/v7e-m+fp/hard\libm.a
END GROUP
START GROUP
LOAD c:/st/stm32cubeide_1.8.0/stm32cubeide/plugins/com.st.stm32cube.ide.mcu.externaltools.gnu-tools-for-stm32.9-2020-q2-update.win32_2.0.0.202105311346/tools/bin/../lib/gcc/arm-none-eabi/9.3.1/thumb/v7e-m+fp/hard\libgcc.a
LOAD c:/st/stm32cubeide_1.8.0/stm32cubeide/plugins/com.st.stm32cube.ide.mcu.externaltools.gnu-tools-for-stm32.9-2020-q2-update.win32_2.0.0.202105311346/tools/bin/../lib/gcc/arm-none-eabi/9.3.1/../../../../arm-none-eabi/lib/thumb/v7e-m+fp/hard\libc_nano.a
END GROUP
START GROUP
LOAD c:/st/stm32cubeide_1.8.0/stm32cubeide/plugins/com.st.stm32cube.ide.mcu.externaltools.gnu-tools-for-stm32.9-2020-q2-update.win32_2.0.0.202105311346/tools/bin/../lib/gcc/arm-none-eabi/9.3.1/thumb/v7e-m+fp/hard\libgcc.a
LOAD c:/st/stm32cubeide_1.8.0/stm32cubeide/plugins/com.st.stm32cube.ide.mcu.externaltools.gnu-tools-for-stm32.9-2020-q2-update.win32_2.0.0.202105311346/tools/bin/../lib/gcc/arm-none-eabi/9.3.1/../../../../arm-none-eabi/lib/thumb/v7e-m+fp/hard\libc_nano.a
LOAD c:/st/stm32cubeide_1.8.0/stm32cubeide/plugins/com.st.stm32cube.ide.mcu.externaltools.gnu-tools-for-stm32.9-2020-q2-update.win32_2.0.0.202105311346/tools/bin/../lib/gcc/arm-none-eabi/9.3.1/../../../../arm-none-eabi/lib/thumb/v7e-m+fp/hard\libnosys.a
END GROUP
START GROUP
LOAD c:/st/stm32cubeide_1.8.0/stm32cubeide/plugins/com.st.stm32cube.ide.mcu.externaltools.gnu-tools-for-stm32.9-2020-q2-update.win32_2.0.0.202105311346/tools/bin/../lib/gcc/arm-none-eabi/9.3.1/thumb/v7e-m+fp/hard\libgcc.a
LOAD c:/st/stm32cubeide_1.8.0/stm32cubeide/plugins/com.st.stm32cube.ide.mcu.externaltools.gnu-tools-for-stm32.9-2020-q2-update.win32_2.0.0.202105311346/tools/bin/../lib/gcc/arm-none-eabi/9.3.1/../../../../arm-none-eabi/lib/thumb/v7e-m+fp/hard\libc_nano.a
LOAD c:/st/stm32cubeide_1.8.0/stm32cubeide/plugins/com.st.stm32cube.ide.mcu.externaltools.gnu-tools-for-stm32.9-2020-q2-update.win32_2.0.0.202105311346/tools/bin/../lib/gcc/arm-none-eabi/9.3.1/../../../../arm-none-eabi/lib/thumb/v7e-m+fp/hard\libnosys.a
END GROUP
LOAD c:/st/stm32cubeide_1.8.0/stm32cubeide/plugins/com.st.stm32cube.ide.mcu.externaltools.gnu-tools-for-stm32.9-2020-q2-update.win32_2.0.0.202105311346/tools/bin/../lib/gcc/arm-none-eabi/9.3.1/thumb/v7e-m+fp/hard/crtend.o
LOAD c:/st/stm32cubeide_1.8.0/stm32cubeide/plugins/com.st.stm32cube.ide.mcu.externaltools.gnu-tools-for-stm32.9-2020-q2-update.win32_2.0.0.202105311346/tools/bin/../lib/gcc/arm-none-eabi/9.3.1/thumb/v7e-m+fp/hard/crtn.o
                0x0000000020040000                _estack = (ORIGIN (RAM) + LENGTH (RAM))
                0x0000000000000200                _Min_Heap_Size = 0x200
                0x0000000000000400                _Min_Stack_Size = 0x400

.isr_vector     0x0000000008000000      0x1c4
                0x0000000008000000                . = ALIGN (0x4)
 *(.isr_vector)
 .isr_vector    0x0000000008000000      0x1c4 ./Core/Startup/startup_stm32f412retx.o
                0x0000000008000000                g_pfnVectors
                0x00000000080001c4                . = ALIGN (0x4)

.text           0x00000000080001c4     0x4830
                0x00000000080001c4                . = ALIGN (0x4)
 *(.text)
 .text          0x00000000080001c4       0x40 c:/st/stm32cubeide_1.8.0/stm32cubeide/plugins/com.st.stm32cube.ide.mcu.externaltools.gnu-tools-for-stm32.9-2020-q2-update.win32_2.0.0.202105311346/tools/bin/../lib/gcc/arm-none-eabi/9.3.1/thumb/v7e-m+fp/hard/crtbegin.o
 .text          0x0000000008000204       0x30 c:/st/stm32cubeide_1.8.0/stm32cubeide/plugins/com.st.stm32cube.ide.mcu.externaltools.gnu-tools-for-stm32.9-2020-q2-update.win32_2.0.0.202105311346/tools/bin/../lib/gcc/arm-none-eabi/9.3.1/thumb/v7e-m+fp/hard\libgcc.a(_aeabi_uldivmod.o)
                0x0000000008000204                __aeabi_uldivmod
 .text          0x0000000008000234      0x2c4 c:/st/stm32cubeide_1.8.0/stm32cubeide/plugins/com.st.stm32cube.ide.mcu.externaltools.gnu-tools-for-stm32.9-2020-q2-update.win32_2.0.0.202105311346/tools/bin/../lib/gcc/arm-none-eabi/9.3.1/thumb/v7e-m+fp/hard\libgcc.a(_udivmoddi4.o)
                0x0000000008000234                __udivmoddi4
 .text          0x00000000080004f8        0x4 c:/st/stm32cubeide_1.8.0/stm32cubeide/plugins/com.st.stm32cube.ide.mcu.externaltools.gnu-tools-for-stm32.9-2020-q2-update.win32_2.0.0.202105311346/tools/bin/../lib/gcc/arm-none-eabi/9.3.1/thumb/v7e-m+fp/hard\libgcc.a(_dvmd_tls.o)
                0x00000000080004f8                __aeabi_idiv0
                0x00000000080004f8                __aeabi_ldiv0
 *(.text*)
 .text.main     0x00000000080004fc       0x3e ./Core/Src/main.o
                0x00000000080004fc                main
 *fill*         0x000000000800053a        0x2 
 .text.SystemClock_Config
                0x000000000800053c       0xd8 ./Core/Src/main.o
                0x000000000800053c                SystemClock_Config
 .text.MX_ADC1_Init
                0x0000000008000614       0xf8 ./Core/Src/main.o
 .text.MX_I2C1_Init
                0x000000000800070c       0x5c ./Core/Src/main.o
 .text.MX_IWDG_Init
                0x0000000008000768       0x34 ./Core/Src/main.o
 .text.MX_SPI1_Init
                0x000000000800079c       0x6c ./Core/Src/main.o
 .text.MX_SPI3_Init
                0x0000000008000808       0x6c ./Core/Src/main.o
 .text.MX_TIM6_Init
                0x0000000008000874       0x6c ./Core/Src/main.o
 .text.MX_TIM7_Init
                0x00000000080008e0       0x40 ./Core/Src/main.o
 .text.MX_USART1_UART_Init
                0x0000000008000920       0x54 ./Core/Src/main.o
 .text.MX_USART2_UART_Init
                0x0000000008000974       0x54 ./Core/Src/main.o
 .text.MX_USART6_UART_Init
                0x00000000080009c8       0x54 ./Core/Src/main.o
 .text.MX_DMA_Init
                0x0000000008000a1c       0xac ./Core/Src/main.o
 .text.MX_GPIO_Init
                0x0000000008000ac8      0x240 ./Core/Src/main.o
 .text.Error_Handler
                0x0000000008000d08        0xa ./Core/Src/main.o
                0x0000000008000d08                Error_Handler
 *fill*         0x0000000008000d12        0x2 
 .text.HAL_MspInit
                0x0000000008000d14       0x50 ./Core/Src/stm32f4xx_hal_msp.o
                0x0000000008000d14                HAL_MspInit
 .text.HAL_ADC_MspInit
                0x0000000008000d64       0xf0 ./Core/Src/stm32f4xx_hal_msp.o
                0x0000000008000d64                HAL_ADC_MspInit
 .text.HAL_I2C_MspInit
                0x0000000008000e54       0x90 ./Core/Src/stm32f4xx_hal_msp.o
                0x0000000008000e54                HAL_I2C_MspInit
 .text.HAL_SPI_MspInit
                0x0000000008000ee4      0x1d8 ./Core/Src/stm32f4xx_hal_msp.o
                0x0000000008000ee4                HAL_SPI_MspInit
 .text.HAL_TIM_Base_MspInit
                0x00000000080010bc       0x7c ./Core/Src/stm32f4xx_hal_msp.o
                0x00000000080010bc                HAL_TIM_Base_MspInit
 .text.HAL_UART_MspInit
                0x0000000008001138      0x2c0 ./Core/Src/stm32f4xx_hal_msp.o
                0x0000000008001138                HAL_UART_MspInit
 .text.NMI_Handler
                0x00000000080013f8        0x6 ./Core/Src/stm32f4xx_it.o
                0x00000000080013f8                NMI_Handler
 .text.HardFault_Handler
                0x00000000080013fe        0x6 ./Core/Src/stm32f4xx_it.o
                0x00000000080013fe                HardFault_Handler
 .text.MemManage_Handler
                0x0000000008001404        0x6 ./Core/Src/stm32f4xx_it.o
                0x0000000008001404                MemManage_Handler
 .text.BusFault_Handler
                0x000000000800140a        0x6 ./Core/Src/stm32f4xx_it.o
                0x000000000800140a                BusFault_Handler
 .text.UsageFault_Handler
                0x0000000008001410        0x6 ./Core/Src/stm32f4xx_it.o
                0x0000000008001410                UsageFault_Handler
 .text.SVC_Handler
                0x0000000008001416        0xe ./Core/Src/stm32f4xx_it.o
                0x0000000008001416                SVC_Handler
 .text.DebugMon_Handler
                0x0000000008001424        0xe ./Core/Src/stm32f4xx_it.o
                0x0000000008001424                DebugMon_Handler
 .text.PendSV_Handler
                0x0000000008001432        0xe ./Core/Src/stm32f4xx_it.o
                0x0000000008001432                PendSV_Handler
 .text.SysTick_Handler
                0x0000000008001440        0xc ./Core/Src/stm32f4xx_it.o
                0x0000000008001440                SysTick_Handler
 .text.DMA1_Stream6_IRQHandler
                0x000000000800144c       0x14 ./Core/Src/stm32f4xx_it.o
                0x000000000800144c                DMA1_Stream6_IRQHandler
 .text.EXTI9_5_IRQHandler
                0x0000000008001460       0x10 ./Core/Src/stm32f4xx_it.o
                0x0000000008001460                EXTI9_5_IRQHandler
 .text.SPI1_IRQHandler
                0x0000000008001470       0x14 ./Core/Src/stm32f4xx_it.o
                0x0000000008001470                SPI1_IRQHandler
 .text.USART1_IRQHandler
                0x0000000008001484       0x14 ./Core/Src/stm32f4xx_it.o
                0x0000000008001484                USART1_IRQHandler
 .text.USART2_IRQHandler
                0x0000000008001498       0x14 ./Core/Src/stm32f4xx_it.o
                0x0000000008001498                USART2_IRQHandler
 .text.TIM6_IRQHandler
                0x00000000080014ac       0x14 ./Core/Src/stm32f4xx_it.o
                0x00000000080014ac                TIM6_IRQHandler
 .text.DMA2_Stream0_IRQHandler
                0x00000000080014c0       0x14 ./Core/Src/stm32f4xx_it.o
                0x00000000080014c0                DMA2_Stream0_IRQHandler
 .text.DMA2_Stream2_IRQHandler
                0x00000000080014d4       0x14 ./Core/Src/stm32f4xx_it.o
                0x00000000080014d4                DMA2_Stream2_IRQHandler
 .text.DMA2_Stream3_IRQHandler
                0x00000000080014e8       0x14 ./Core/Src/stm32f4xx_it.o
                0x00000000080014e8                DMA2_Stream3_IRQHandler
 .text.DMA2_Stream6_IRQHandler
                0x00000000080014fc       0x14 ./Core/Src/stm32f4xx_it.o
                0x00000000080014fc                DMA2_Stream6_IRQHandler
 .text.DMA2_Stream7_IRQHandler
                0x0000000008001510       0x14 ./Core/Src/stm32f4xx_it.o
                0x0000000008001510                DMA2_Stream7_IRQHandler
 .text.USART6_IRQHandler
                0x0000000008001524       0x14 ./Core/Src/stm32f4xx_it.o
                0x0000000008001524                USART6_IRQHandler
 .text.SystemInit
                0x0000000008001538       0x24 ./Core/Src/system_stm32f4xx.o
                0x0000000008001538                SystemInit
 .text.Reset_Handler
                0x000000000800155c       0x50 ./Core/Startup/startup_stm32f412retx.o
                0x000000000800155c                Reset_Handler
 .text.Default_Handler
                0x00000000080015ac        0x2 ./Core/Startup/startup_stm32f412retx.o
                0x00000000080015ac                RTC_Alarm_IRQHandler
                0x00000000080015ac                EXTI2_IRQHandler
                0x00000000080015ac                TIM8_CC_IRQHandler
                0x00000000080015ac                FMPI2C1_EV_IRQHandler
                0x00000000080015ac                SPI4_IRQHandler
                0x00000000080015ac                TIM1_CC_IRQHandler
                0x00000000080015ac                DMA2_Stream5_IRQHandler
                0x00000000080015ac                DMA1_Stream5_IRQHandler
                0x00000000080015ac                PVD_IRQHandler
                0x00000000080015ac                SDIO_IRQHandler
                0x00000000080015ac                TAMP_STAMP_IRQHandler
                0x00000000080015ac                CAN2_RX1_IRQHandler
                0x00000000080015ac                EXTI3_IRQHandler
                0x00000000080015ac                TIM8_TRG_COM_TIM14_IRQHandler
                0x00000000080015ac                DFSDM1_FLT1_IRQHandler
                0x00000000080015ac                TIM1_UP_TIM10_IRQHandler
                0x00000000080015ac                TIM8_UP_TIM13_IRQHandler
                0x00000000080015ac                I2C3_ER_IRQHandler
                0x00000000080015ac                EXTI0_IRQHandler
                0x00000000080015ac                I2C2_EV_IRQHandler
                0x00000000080015ac                DMA1_Stream2_IRQHandler
                0x00000000080015ac                CAN1_RX0_IRQHandler
                0x00000000080015ac                FPU_IRQHandler
                0x00000000080015ac                CAN2_SCE_IRQHandler
                0x00000000080015ac                TIM1_BRK_TIM9_IRQHandler
                0x00000000080015ac                CAN2_RX0_IRQHandler
                0x00000000080015ac                USART3_IRQHandler
                0x00000000080015ac                CAN1_RX1_IRQHandler
                0x00000000080015ac                TIM4_IRQHandler
                0x00000000080015ac                QUADSPI_IRQHandler
                0x00000000080015ac                I2C1_EV_IRQHandler
                0x00000000080015ac                DMA1_Stream1_IRQHandler
                0x00000000080015ac                TIM3_IRQHandler
                0x00000000080015ac                RCC_IRQHandler
                0x00000000080015ac                TIM8_BRK_TIM12_IRQHandler
                0x00000000080015ac                Default_Handler
                0x00000000080015ac                EXTI15_10_IRQHandler
                0x00000000080015ac                ADC_IRQHandler
                0x00000000080015ac                DMA1_Stream7_IRQHandler
                0x00000000080015ac                SPI5_IRQHandler
                0x00000000080015ac                TIM7_IRQHandler
                0x00000000080015ac                CAN2_TX_IRQHandler
                0x00000000080015ac                TIM5_IRQHandler
                0x00000000080015ac                I2C3_EV_IRQHandler
                0x00000000080015ac                RTC_WKUP_IRQHandler
                0x00000000080015ac                SPI2_IRQHandler
                0x00000000080015ac                DMA1_Stream0_IRQHandler
                0x00000000080015ac                CAN1_TX_IRQHandler
                0x00000000080015ac                FMPI2C1_ER_IRQHandler
                0x00000000080015ac                EXTI4_IRQHandler
                0x00000000080015ac                RNG_IRQHandler
                0x00000000080015ac                WWDG_IRQHandler
                0x00000000080015ac                TIM2_IRQHandler
                0x00000000080015ac                OTG_FS_WKUP_IRQHandler
                0x00000000080015ac                TIM1_TRG_COM_TIM11_IRQHandler
                0x00000000080015ac                EXTI1_IRQHandler
                0x00000000080015ac                DFSDM1_FLT0_IRQHandler
                0x00000000080015ac                I2C2_ER_IRQHandler
                0x00000000080015ac                DMA2_Stream1_IRQHandler
                0x00000000080015ac                CAN1_SCE_IRQHandler
                0x00000000080015ac                FLASH_IRQHandler
                0x00000000080015ac                DMA2_Stream4_IRQHandler
                0x00000000080015ac                OTG_FS_IRQHandler
                0x00000000080015ac                SPI3_IRQHandler
                0x00000000080015ac                DMA1_Stream4_IRQHandler
                0x00000000080015ac                I2C1_ER_IRQHandler
                0x00000000080015ac                DMA1_Stream3_IRQHandler
 *fill*         0x00000000080015ae        0x2 
 .text.HAL_Init
                0x00000000080015b0       0x44 ./Drivers/STM32F4xx_HAL_Driver/Src/stm32f4xx_hal.o
                0x00000000080015b0                HAL_Init
 .text.HAL_InitTick
                0x00000000080015f4       0x60 ./Drivers/STM32F4xx_HAL_Driver/Src/stm32f4xx_hal.o
                0x00000000080015f4                HAL_InitTick
 .text.HAL_IncTick
                0x0000000008001654       0x28 ./Drivers/STM32F4xx_HAL_Driver/Src/stm32f4xx_hal.o
                0x0000000008001654                HAL_IncTick
 .text.HAL_GetTick
                0x000000000800167c       0x18 ./Drivers/STM32F4xx_HAL_Driver/Src/stm32f4xx_hal.o
                0x000000000800167c                HAL_GetTick
 .text.HAL_ADC_Init
                0x0000000008001694       0x86 ./Drivers/STM32F4xx_HAL_Driver/Src/stm32f4xx_hal_adc.o
                0x0000000008001694                HAL_ADC_Init
 *fill*         0x000000000800171a        0x2 
 .text.HAL_ADC_ConfigChannel
                0x000000000800171c      0x244 ./Drivers/STM32F4xx_HAL_Driver/Src/stm32f4xx_hal_adc.o
                0x000000000800171c                HAL_ADC_ConfigChannel
 .text.ADC_Init
                0x0000000008001960      0x1f8 ./Drivers/STM32F4xx_HAL_Driver/Src/stm32f4xx_hal_adc.o
 .text.__NVIC_SetPriorityGrouping
                0x0000000008001b58       0x48 ./Drivers/STM32F4xx_HAL_Driver/Src/stm32f4xx_hal_cortex.o
 .text.__NVIC_GetPriorityGrouping
                0x0000000008001ba0       0x1c ./Drivers/STM32F4xx_HAL_Driver/Src/stm32f4xx_hal_cortex.o
 .text.__NVIC_EnableIRQ
                0x0000000008001bbc       0x3c ./Drivers/STM32F4xx_HAL_Driver/Src/stm32f4xx_hal_cortex.o
 .text.__NVIC_SetPriority
                0x0000000008001bf8       0x54 ./Drivers/STM32F4xx_HAL_Driver/Src/stm32f4xx_hal_cortex.o
 .text.NVIC_EncodePriority
                0x0000000008001c4c       0x66 ./Drivers/STM32F4xx_HAL_Driver/Src/stm32f4xx_hal_cortex.o
 *fill*         0x0000000008001cb2        0x2 
 .text.SysTick_Config
                0x0000000008001cb4       0x44 ./Drivers/STM32F4xx_HAL_Driver/Src/stm32f4xx_hal_cortex.o
 .text.HAL_NVIC_SetPriorityGrouping
                0x0000000008001cf8       0x16 ./Drivers/STM32F4xx_HAL_Driver/Src/stm32f4xx_hal_cortex.o
                0x0000000008001cf8                HAL_NVIC_SetPriorityGrouping
 .text.HAL_NVIC_SetPriority
                0x0000000008001d0e       0x38 ./Drivers/STM32F4xx_HAL_Driver/Src/stm32f4xx_hal_cortex.o
                0x0000000008001d0e                HAL_NVIC_SetPriority
 .text.HAL_NVIC_EnableIRQ
                0x0000000008001d46       0x1c ./Drivers/STM32F4xx_HAL_Driver/Src/stm32f4xx_hal_cortex.o
                0x0000000008001d46                HAL_NVIC_EnableIRQ
 .text.HAL_SYSTICK_Config
                0x0000000008001d62       0x18 ./Drivers/STM32F4xx_HAL_Driver/Src/stm32f4xx_hal_cortex.o
                0x0000000008001d62                HAL_SYSTICK_Config
 *fill*         0x0000000008001d7a        0x2 
 .text.HAL_DMA_Init
                0x0000000008001d7c      0x15c ./Drivers/STM32F4xx_HAL_Driver/Src/stm32f4xx_hal_dma.o
                0x0000000008001d7c                HAL_DMA_Init
 .text.HAL_DMA_Abort
                0x0000000008001ed8       0xe0 ./Drivers/STM32F4xx_HAL_Driver/Src/stm32f4xx_hal_dma.o
                0x0000000008001ed8                HAL_DMA_Abort
 .text.HAL_DMA_Abort_IT
                0x0000000008001fb8       0x44 ./Drivers/STM32F4xx_HAL_Driver/Src/stm32f4xx_hal_dma.o
                0x0000000008001fb8                HAL_DMA_Abort_IT
 .text.HAL_DMA_IRQHandler
                0x0000000008001ffc      0x314 ./Drivers/STM32F4xx_HAL_Driver/Src/stm32f4xx_hal_dma.o
                0x0000000008001ffc                HAL_DMA_IRQHandler
 .text.DMA_CalcBaseAndBitshift
                0x0000000008002310       0x6c ./Drivers/STM32F4xx_HAL_Driver/Src/stm32f4xx_hal_dma.o
 .text.DMA_CheckFifoParam
                0x000000000800237c       0xf8 ./Drivers/STM32F4xx_HAL_Driver/Src/stm32f4xx_hal_dma.o
 .text.HAL_GPIO_Init
                0x0000000008002474      0x2f8 ./Drivers/STM32F4xx_HAL_Driver/Src/stm32f4xx_hal_gpio.o
                0x0000000008002474                HAL_GPIO_Init
 .text.HAL_GPIO_WritePin
                0x000000000800276c       0x32 ./Drivers/STM32F4xx_HAL_Driver/Src/stm32f4xx_hal_gpio.o
                0x000000000800276c                HAL_GPIO_WritePin
 *fill*         0x000000000800279e        0x2 
 .text.HAL_GPIO_EXTI_IRQHandler
                0x00000000080027a0       0x30 ./Drivers/STM32F4xx_HAL_Driver/Src/stm32f4xx_hal_gpio.o
                0x00000000080027a0                HAL_GPIO_EXTI_IRQHandler
 .text.HAL_GPIO_EXTI_Callback
                0x00000000080027d0       0x16 ./Drivers/STM32F4xx_HAL_Driver/Src/stm32f4xx_hal_gpio.o
                0x00000000080027d0                HAL_GPIO_EXTI_Callback
 *fill*         0x00000000080027e6        0x2 
 .text.HAL_I2C_Init
                0x00000000080027e8      0x288 ./Drivers/STM32F4xx_HAL_Driver/Src/stm32f4xx_hal_i2c.o
                0x00000000080027e8                HAL_I2C_Init
 .text.HAL_IWDG_Init
                0x0000000008002a70       0x84 ./Drivers/STM32F4xx_HAL_Driver/Src/stm32f4xx_hal_iwdg.o
                0x0000000008002a70                HAL_IWDG_Init
 .text.HAL_RCC_ClockConfig
                0x0000000008002af4      0x1cc ./Drivers/STM32F4xx_HAL_Driver/Src/stm32f4xx_hal_rcc.o
                0x0000000008002af4                HAL_RCC_ClockConfig
 .text.HAL_RCC_GetSysClockFreq
                0x0000000008002cc0      0x1c0 ./Drivers/STM32F4xx_HAL_Driver/Src/stm32f4xx_hal_rcc.o
                0x0000000008002cc0                HAL_RCC_GetSysClockFreq
 .text.HAL_RCC_GetHCLKFreq
                0x0000000008002e80       0x18 ./Drivers/STM32F4xx_HAL_Driver/Src/stm32f4xx_hal_rcc.o
                0x0000000008002e80                HAL_RCC_GetHCLKFreq
 .text.HAL_RCC_GetPCLK1Freq
                0x0000000008002e98       0x28 ./Drivers/STM32F4xx_HAL_Driver/Src/stm32f4xx_hal_rcc.o
                0x0000000008002e98                HAL_RCC_GetPCLK1Freq
 .text.HAL_RCC_GetPCLK2Freq
                0x0000000008002ec0       0x28 ./Drivers/STM32F4xx_HAL_Driver/Src/stm32f4xx_hal_rcc.o
                0x0000000008002ec0                HAL_RCC_GetPCLK2Freq
 .text.HAL_RCC_OscConfig
                0x0000000008002ee8      0x508 ./Drivers/STM32F4xx_HAL_Driver/Src/stm32f4xx_hal_rcc_ex.o
                0x0000000008002ee8                HAL_RCC_OscConfig
 .text.HAL_SPI_Init
                0x00000000080033f0      0x112 ./Drivers/STM32F4xx_HAL_Driver/Src/stm32f4xx_hal_spi.o
                0x00000000080033f0                HAL_SPI_Init
 *fill*         0x0000000008003502        0x2 
 .text.HAL_SPI_IRQHandler
                0x0000000008003504      0x200 ./Drivers/STM32F4xx_HAL_Driver/Src/stm32f4xx_hal_spi.o
                0x0000000008003504                HAL_SPI_IRQHandler
 .text.HAL_SPI_ErrorCallback
                0x0000000008003704       0x14 ./Drivers/STM32F4xx_HAL_Driver/Src/stm32f4xx_hal_spi.o
                0x0000000008003704                HAL_SPI_ErrorCallback
 .text.SPI_DMAAbortOnError
                0x0000000008003718       0x28 ./Drivers/STM32F4xx_HAL_Driver/Src/stm32f4xx_hal_spi.o
 .text.HAL_TIM_Base_Init
                0x0000000008003740       0x9e ./Drivers/STM32F4xx_HAL_Driver/Src/stm32f4xx_hal_tim.o
                0x0000000008003740                HAL_TIM_Base_Init
 .text.HAL_TIM_IRQHandler
                0x00000000080037de      0x210 ./Drivers/STM32F4xx_HAL_Driver/Src/stm32f4xx_hal_tim.o
                0x00000000080037de                HAL_TIM_IRQHandler
 .text.HAL_TIM_PeriodElapsedCallback
                0x00000000080039ee       0x14 ./Drivers/STM32F4xx_HAL_Driver/Src/stm32f4xx_hal_tim.o
                0x00000000080039ee                HAL_TIM_PeriodElapsedCallback
 .text.HAL_TIM_OC_DelayElapsedCallback
                0x0000000008003a02       0x14 ./Drivers/STM32F4xx_HAL_Driver/Src/stm32f4xx_hal_tim.o
                0x0000000008003a02                HAL_TIM_OC_DelayElapsedCallback
 .text.HAL_TIM_IC_CaptureCallback
                0x0000000008003a16       0x14 ./Drivers/STM32F4xx_HAL_Driver/Src/stm32f4xx_hal_tim.o
                0x0000000008003a16                HAL_TIM_IC_CaptureCallback
 .text.HAL_TIM_PWM_PulseFinishedCallback
                0x0000000008003a2a       0x14 ./Drivers/STM32F4xx_HAL_Driver/Src/stm32f4xx_hal_tim.o
                0x0000000008003a2a                HAL_TIM_PWM_PulseFinishedCallback
 .text.HAL_TIM_TriggerCallback
                0x0000000008003a3e       0x14 ./Drivers/STM32F4xx_HAL_Driver/Src/stm32f4xx_hal_tim.o
                0x0000000008003a3e                HAL_TIM_TriggerCallback
 *fill*         0x0000000008003a52        0x2 
 .text.TIM_Base_SetConfig
                0x0000000008003a54      0x140 ./Drivers/STM32F4xx_HAL_Driver/Src/stm32f4xx_hal_tim.o
                0x0000000008003a54                TIM_Base_SetConfig
 .text.HAL_TIMEx_MasterConfigSynchronization
                0x0000000008003b94       0xf8 ./Drivers/STM32F4xx_HAL_Driver/Src/stm32f4xx_hal_tim_ex.o
                0x0000000008003b94                HAL_TIMEx_MasterConfigSynchronization
 .text.HAL_TIMEx_CommutCallback
                0x0000000008003c8c       0x14 ./Drivers/STM32F4xx_HAL_Driver/Src/stm32f4xx_hal_tim_ex.o
                0x0000000008003c8c                HAL_TIMEx_CommutCallback
 .text.HAL_TIMEx_BreakCallback
                0x0000000008003ca0       0x14 ./Drivers/STM32F4xx_HAL_Driver/Src/stm32f4xx_hal_tim_ex.o
                0x0000000008003ca0                HAL_TIMEx_BreakCallback
 .text.HAL_UART_Init
                0x0000000008003cb4       0x9a ./Drivers/STM32F4xx_HAL_Driver/Src/stm32f4xx_hal_uart.o
                0x0000000008003cb4                HAL_UART_Init
 *fill*         0x0000000008003d4e        0x2 
 .text.HAL_UART_IRQHandler
                0x0000000008003d50      0x51c ./Drivers/STM32F4xx_HAL_Driver/Src/stm32f4xx_hal_uart.o
                0x0000000008003d50                HAL_UART_IRQHandler
 .text.HAL_UART_TxCpltCallback
                0x000000000800426c       0x14 ./Drivers/STM32F4xx_HAL_Driver/Src/stm32f4xx_hal_uart.o
                0x000000000800426c                HAL_UART_TxCpltCallback
 .text.HAL_UART_RxCpltCallback
                0x0000000008004280       0x14 ./Drivers/STM32F4xx_HAL_Driver/Src/stm32f4xx_hal_uart.o
                0x0000000008004280                HAL_UART_RxCpltCallback
 .text.HAL_UART_ErrorCallback
                0x0000000008004294       0x14 ./Drivers/STM32F4xx_HAL_Driver/Src/stm32f4xx_hal_uart.o
                0x0000000008004294                HAL_UART_ErrorCallback
 .text.HAL_UARTEx_RxEventCallback
                0x00000000080042a8       0x18 ./Drivers/STM32F4xx_HAL_Driver/Src/stm32f4xx_hal_uart.o
                0x00000000080042a8                HAL_UARTEx_RxEventCallback
 .text.UART_EndRxTransfer
                0x00000000080042c0       0xc6 ./Drivers/STM32F4xx_HAL_Driver/Src/stm32f4xx_hal_uart.o
 .text.UART_DMAAbortOnError
                0x0000000008004386       0x28 ./Drivers/STM32F4xx_HAL_Driver/Src/stm32f4xx_hal_uart.o
 .text.UART_Transmit_IT
                0x00000000080043ae       0xa0 ./Drivers/STM32F4xx_HAL_Driver/Src/stm32f4xx_hal_uart.o
 .text.UART_EndTransmit_IT
                0x000000000800444e       0x30 ./Drivers/STM32F4xx_HAL_Driver/Src/stm32f4xx_hal_uart.o
 .text.UART_Receive_IT
                0x000000000800447e      0x176 ./Drivers/STM32F4xx_HAL_Driver/Src/stm32f4xx_hal_uart.o
 .text.UART_SetConfig
                0x00000000080045f4      0x390 ./Drivers/STM32F4xx_HAL_Driver/Src/stm32f4xx_hal_uart.o
 .text.__libc_init_array
                0x0000000008004984       0x48 c:/st/stm32cubeide_1.8.0/stm32cubeide/plugins/com.st.stm32cube.ide.mcu.externaltools.gnu-tools-for-stm32.9-2020-q2-update.win32_2.0.0.202105311346/tools/bin/../lib/gcc/arm-none-eabi/9.3.1/../../../../arm-none-eabi/lib/thumb/v7e-m+fp/hard\libc_nano.a(lib_a-init.o)
                0x0000000008004984                __libc_init_array
 .text.memset   0x00000000080049cc       0x10 c:/st/stm32cubeide_1.8.0/stm32cubeide/plugins/com.st.stm32cube.ide.mcu.externaltools.gnu-tools-for-stm32.9-2020-q2-update.win32_2.0.0.202105311346/tools/bin/../lib/gcc/arm-none-eabi/9.3.1/../../../../arm-none-eabi/lib/thumb/v7e-m+fp/hard\libc_nano.a(lib_a-memset.o)
                0x00000000080049cc                memset
 *(.glue_7)
 .glue_7        0x00000000080049dc        0x0 linker stubs
 *(.glue_7t)
 .glue_7t       0x00000000080049dc        0x0 linker stubs
 *(.eh_frame)
 .eh_frame      0x00000000080049dc        0x0 c:/st/stm32cubeide_1.8.0/stm32cubeide/plugins/com.st.stm32cube.ide.mcu.externaltools.gnu-tools-for-stm32.9-2020-q2-update.win32_2.0.0.202105311346/tools/bin/../lib/gcc/arm-none-eabi/9.3.1/thumb/v7e-m+fp/hard/crtbegin.o
 *(.init)
 .init          0x00000000080049dc        0x4 c:/st/stm32cubeide_1.8.0/stm32cubeide/plugins/com.st.stm32cube.ide.mcu.externaltools.gnu-tools-for-stm32.9-2020-q2-update.win32_2.0.0.202105311346/tools/bin/../lib/gcc/arm-none-eabi/9.3.1/thumb/v7e-m+fp/hard/crti.o
                0x00000000080049dc                _init
 .init          0x00000000080049e0        0x8 c:/st/stm32cubeide_1.8.0/stm32cubeide/plugins/com.st.stm32cube.ide.mcu.externaltools.gnu-tools-for-stm32.9-2020-q2-update.win32_2.0.0.202105311346/tools/bin/../lib/gcc/arm-none-eabi/9.3.1/thumb/v7e-m+fp/hard/crtn.o
 *(.fini)
 .fini          0x00000000080049e8        0x4 c:/st/stm32cubeide_1.8.0/stm32cubeide/plugins/com.st.stm32cube.ide.mcu.externaltools.gnu-tools-for-stm32.9-2020-q2-update.win32_2.0.0.202105311346/tools/bin/../lib/gcc/arm-none-eabi/9.3.1/thumb/v7e-m+fp/hard/crti.o
                0x00000000080049e8                _fini
 .fini          0x00000000080049ec        0x8 c:/st/stm32cubeide_1.8.0/stm32cubeide/plugins/com.st.stm32cube.ide.mcu.externaltools.gnu-tools-for-stm32.9-2020-q2-update.win32_2.0.0.202105311346/tools/bin/../lib/gcc/arm-none-eabi/9.3.1/thumb/v7e-m+fp/hard/crtn.o
                0x00000000080049f4                . = ALIGN (0x4)
                0x00000000080049f4                _etext = .

.vfp11_veneer   0x00000000080049f4        0x0
 .vfp11_veneer  0x00000000080049f4        0x0 linker stubs

.v4_bx          0x00000000080049f4        0x0
 .v4_bx         0x00000000080049f4        0x0 linker stubs

.iplt           0x00000000080049f4        0x0
 .iplt          0x00000000080049f4        0x0 c:/st/stm32cubeide_1.8.0/stm32cubeide/plugins/com.st.stm32cube.ide.mcu.externaltools.gnu-tools-for-stm32.9-2020-q2-update.win32_2.0.0.202105311346/tools/bin/../lib/gcc/arm-none-eabi/9.3.1/thumb/v7e-m+fp/hard/crtbegin.o

.rodata         0x00000000080049f4       0x20
                0x00000000080049f4                . = ALIGN (0x4)
 *(.rodata)
 *(.rodata*)
 .rodata.AHBPrescTable
                0x00000000080049f4       0x10 ./Core/Src/system_stm32f4xx.o
                0x00000000080049f4                AHBPrescTable
 .rodata.APBPrescTable
                0x0000000008004a04        0x8 ./Core/Src/system_stm32f4xx.o
                0x0000000008004a04                APBPrescTable
 .rodata.flagBitshiftOffset.9133
                0x0000000008004a0c        0x8 ./Drivers/STM32F4xx_HAL_Driver/Src/stm32f4xx_hal_dma.o
                0x0000000008004a14                . = ALIGN (0x4)

.ARM.extab      0x0000000008004a14        0x0
                0x0000000008004a14                . = ALIGN (0x4)
 *(.ARM.extab* .gnu.linkonce.armextab.*)
                0x0000000008004a14                . = ALIGN (0x4)

.ARM            0x0000000008004a14        0x8
                0x0000000008004a14                . = ALIGN (0x4)
                0x0000000008004a14                __exidx_start = .
 *(.ARM.exidx*)
 .ARM.exidx     0x0000000008004a14        0x8 c:/st/stm32cubeide_1.8.0/stm32cubeide/plugins/com.st.stm32cube.ide.mcu.externaltools.gnu-tools-for-stm32.9-2020-q2-update.win32_2.0.0.202105311346/tools/bin/../lib/gcc/arm-none-eabi/9.3.1/thumb/v7e-m+fp/hard\libgcc.a(_udivmoddi4.o)
                0x0000000008004a1c                __exidx_end = .
                0x0000000008004a1c                . = ALIGN (0x4)

.rel.dyn        0x0000000008004a1c        0x0
 .rel.iplt      0x0000000008004a1c        0x0 c:/st/stm32cubeide_1.8.0/stm32cubeide/plugins/com.st.stm32cube.ide.mcu.externaltools.gnu-tools-for-stm32.9-2020-q2-update.win32_2.0.0.202105311346/tools/bin/../lib/gcc/arm-none-eabi/9.3.1/thumb/v7e-m+fp/hard/crtbegin.o

.preinit_array  0x0000000008004a1c        0x0
                0x0000000008004a1c                . = ALIGN (0x4)
                0x0000000008004a1c                PROVIDE (__preinit_array_start = .)
 *(.preinit_array*)
                0x0000000008004a1c                PROVIDE (__preinit_array_end = .)
                0x0000000008004a1c                . = ALIGN (0x4)

.init_array     0x0000000008004a1c        0x4
                0x0000000008004a1c                . = ALIGN (0x4)
                0x0000000008004a1c                PROVIDE (__init_array_start = .)
 *(SORT_BY_NAME(.init_array.*))
 *(.init_array*)
 .init_array    0x0000000008004a1c        0x4 c:/st/stm32cubeide_1.8.0/stm32cubeide/plugins/com.st.stm32cube.ide.mcu.externaltools.gnu-tools-for-stm32.9-2020-q2-update.win32_2.0.0.202105311346/tools/bin/../lib/gcc/arm-none-eabi/9.3.1/thumb/v7e-m+fp/hard/crtbegin.o
                0x0000000008004a20                PROVIDE (__init_array_end = .)
                0x0000000008004a20                . = ALIGN (0x4)

.fini_array     0x0000000008004a20        0x4
                0x0000000008004a20                . = ALIGN (0x4)
                [!provide]                        PROVIDE (__fini_array_start = .)
 *(SORT_BY_NAME(.fini_array.*))
 *(.fini_array*)
 .fini_array    0x0000000008004a20        0x4 c:/st/stm32cubeide_1.8.0/stm32cubeide/plugins/com.st.stm32cube.ide.mcu.externaltools.gnu-tools-for-stm32.9-2020-q2-update.win32_2.0.0.202105311346/tools/bin/../lib/gcc/arm-none-eabi/9.3.1/thumb/v7e-m+fp/hard/crtbegin.o
                [!provide]                        PROVIDE (__fini_array_end = .)
                0x0000000008004a24                . = ALIGN (0x4)
                0x0000000008004a24                _sidata = LOADADDR (.data)

.data           0x0000000020000000        0xc load address 0x0000000008004a24
                0x0000000020000000                . = ALIGN (0x4)
                0x0000000020000000                _sdata = .
 *(.data)
 *(.data*)
 .data.SystemCoreClock
                0x0000000020000000        0x4 ./Core/Src/system_stm32f4xx.o
                0x0000000020000000                SystemCoreClock
 .data.uwTickPrio
                0x0000000020000004        0x4 ./Drivers/STM32F4xx_HAL_Driver/Src/stm32f4xx_hal.o
                0x0000000020000004                uwTickPrio
 .data.uwTickFreq
                0x0000000020000008        0x1 ./Drivers/STM32F4xx_HAL_Driver/Src/stm32f4xx_hal.o
                0x0000000020000008                uwTickFreq
 *(.RamFunc)
 *(.RamFunc*)
                0x000000002000000c                . = ALIGN (0x4)
 *fill*         0x0000000020000009        0x3 
                0x000000002000000c                _edata = .

.igot.plt       0x000000002000000c        0x0 load address 0x0000000008004a30
 .igot.plt      0x000000002000000c        0x0 c:/st/stm32cubeide_1.8.0/stm32cubeide/plugins/com.st.stm32cube.ide.mcu.externaltools.gnu-tools-for-stm32.9-2020-q2-update.win32_2.0.0.202105311346/tools/bin/../lib/gcc/arm-none-eabi/9.3.1/thumb/v7e-m+fp/hard/crtbegin.o
                0x000000002000000c                . = ALIGN (0x4)

.bss            0x000000002000000c      0x514 load address 0x0000000008004a30
                0x000000002000000c                _sbss = .
                0x000000002000000c                __bss_start__ = _sbss
 *(.bss)
 .bss           0x000000002000000c       0x1c c:/st/stm32cubeide_1.8.0/stm32cubeide/plugins/com.st.stm32cube.ide.mcu.externaltools.gnu-tools-for-stm32.9-2020-q2-update.win32_2.0.0.202105311346/tools/bin/../lib/gcc/arm-none-eabi/9.3.1/thumb/v7e-m+fp/hard/crtbegin.o
 *(.bss*)
 *(COMMON)
 COMMON         0x0000000020000028      0x4f4 ./Core/Src/main.o
                0x0000000020000028                hi2c1
                0x000000002000007c                hiwdg
                0x0000000020000088                hspi3
                0x00000000200000e0                hdma_usart1_tx
                0x0000000020000140                hdma_usart6_tx
                0x00000000200001a0                hadc1
                0x00000000200001e8                hdma_usart2_tx
                0x0000000020000248                huart1
                0x000000002000028c                hdma_adc1
                0x00000000200002ec                htim6
                0x0000000020000334                huart6
                0x0000000020000378                hspi1
                0x00000000200003d0                huart2
                0x0000000020000414                hdma_spi1_rx
                0x0000000020000474                htim7
                0x00000000200004bc                hdma_spi1_tx
 COMMON         0x000000002000051c        0x4 ./Drivers/STM32F4xx_HAL_Driver/Src/stm32f4xx_hal.o
                0x000000002000051c                uwTick
                0x0000000020000520                . = ALIGN (0x4)
                0x0000000020000520                _ebss = .
                0x0000000020000520                __bss_end__ = _ebss

._user_heap_stack
                0x0000000020000520      0x600 load address 0x0000000008004a30
                0x0000000020000520                . = ALIGN (0x8)
                [!provide]                        PROVIDE (end = .)
                0x0000000020000520                PROVIDE (_end = .)
                0x0000000020000720                . = (. + _Min_Heap_Size)
 *fill*         0x0000000020000520      0x200 
                0x0000000020000b20                . = (. + _Min_Stack_Size)
 *fill*         0x0000000020000720      0x400 
                0x0000000020000b20                . = ALIGN (0x8)

/DISCARD/
 libc.a(*)
 libm.a(*)
 libgcc.a(*)

.ARM.attributes
                0x0000000000000000       0x30
 *(.ARM.attributes)
 .ARM.attributes
                0x0000000000000000       0x1e c:/st/stm32cubeide_1.8.0/stm32cubeide/plugins/com.st.stm32cube.ide.mcu.externaltools.gnu-tools-for-stm32.9-2020-q2-update.win32_2.0.0.202105311346/tools/bin/../lib/gcc/arm-none-eabi/9.3.1/thumb/v7e-m+fp/hard/crti.o
 .ARM.attributes
                0x000000000000001e       0x34 c:/st/stm32cubeide_1.8.0/stm32cubeide/plugins/com.st.stm32cube.ide.mcu.externaltools.gnu-tools-for-stm32.9-2020-q2-update.win32_2.0.0.202105311346/tools/bin/../lib/gcc/arm-none-eabi/9.3.1/thumb/v7e-m+fp/hard/crtbegin.o
 .ARM.attributes
                0x0000000000000052       0x34 ./Core/Src/main.o
 .ARM.attributes
                0x0000000000000086       0x34 ./Core/Src/stm32f4xx_hal_msp.o
 .ARM.attributes
                0x00000000000000ba       0x34 ./Core/Src/stm32f4xx_it.o
 .ARM.attributes
                0x00000000000000ee       0x34 ./Core/Src/system_stm32f4xx.o
 .ARM.attributes
                0x0000000000000122       0x21 ./Core/Startup/startup_stm32f412retx.o
 .ARM.attributes
                0x0000000000000143       0x34 ./Drivers/STM32F4xx_HAL_Driver/Src/stm32f4xx_hal.o
 .ARM.attributes
                0x0000000000000177       0x34 ./Drivers/STM32F4xx_HAL_Driver/Src/stm32f4xx_hal_adc.o
 .ARM.attributes
                0x00000000000001ab       0x34 ./Drivers/STM32F4xx_HAL_Driver/Src/stm32f4xx_hal_cortex.o
 .ARM.attributes
                0x00000000000001df       0x34 ./Drivers/STM32F4xx_HAL_Driver/Src/stm32f4xx_hal_dma.o
 .ARM.attributes
                0x0000000000000213       0x34 ./Drivers/STM32F4xx_HAL_Driver/Src/stm32f4xx_hal_gpio.o
 .ARM.attributes
                0x0000000000000247       0x34 ./Drivers/STM32F4xx_HAL_Driver/Src/stm32f4xx_hal_i2c.o
 .ARM.attributes
                0x000000000000027b       0x34 ./Drivers/STM32F4xx_HAL_Driver/Src/stm32f4xx_hal_iwdg.o
 .ARM.attributes
                0x00000000000002af       0x34 ./Drivers/STM32F4xx_HAL_Driver/Src/stm32f4xx_hal_rcc.o
 .ARM.attributes
                0x00000000000002e3       0x34 ./Drivers/STM32F4xx_HAL_Driver/Src/stm32f4xx_hal_rcc_ex.o
 .ARM.attributes
                0x0000000000000317       0x34 ./Drivers/STM32F4xx_HAL_Driver/Src/stm32f4xx_hal_spi.o
 .ARM.attributes
                0x000000000000034b       0x34 ./Drivers/STM32F4xx_HAL_Driver/Src/stm32f4xx_hal_tim.o
 .ARM.attributes
                0x000000000000037f       0x34 ./Drivers/STM32F4xx_HAL_Driver/Src/stm32f4xx_hal_tim_ex.o
 .ARM.attributes
                0x00000000000003b3       0x34 ./Drivers/STM32F4xx_HAL_Driver/Src/stm32f4xx_hal_uart.o
 .ARM.attributes
                0x00000000000003e7       0x34 c:/st/stm32cubeide_1.8.0/stm32cubeide/plugins/com.st.stm32cube.ide.mcu.externaltools.gnu-tools-for-stm32.9-2020-q2-update.win32_2.0.0.202105311346/tools/bin/../lib/gcc/arm-none-eabi/9.3.1/../../../../arm-none-eabi/lib/thumb/v7e-m+fp/hard\libc_nano.a(lib_a-init.o)
 .ARM.attributes
                0x000000000000041b       0x34 c:/st/stm32cubeide_1.8.0/stm32cubeide/plugins/com.st.stm32cube.ide.mcu.externaltools.gnu-tools-for-stm32.9-2020-q2-update.win32_2.0.0.202105311346/tools/bin/../lib/gcc/arm-none-eabi/9.3.1/../../../../arm-none-eabi/lib/thumb/v7e-m+fp/hard\libc_nano.a(lib_a-memset.o)
 .ARM.attributes
                0x000000000000044f       0x1e c:/st/stm32cubeide_1.8.0/stm32cubeide/plugins/com.st.stm32cube.ide.mcu.externaltools.gnu-tools-for-stm32.9-2020-q2-update.win32_2.0.0.202105311346/tools/bin/../lib/gcc/arm-none-eabi/9.3.1/thumb/v7e-m+fp/hard\libgcc.a(_aeabi_uldivmod.o)
 .ARM.attributes
                0x000000000000046d       0x34 c:/st/stm32cubeide_1.8.0/stm32cubeide/plugins/com.st.stm32cube.ide.mcu.externaltools.gnu-tools-for-stm32.9-2020-q2-update.win32_2.0.0.202105311346/tools/bin/../lib/gcc/arm-none-eabi/9.3.1/thumb/v7e-m+fp/hard\libgcc.a(_udivmoddi4.o)
 .ARM.attributes
                0x00000000000004a1       0x1e c:/st/stm32cubeide_1.8.0/stm32cubeide/plugins/com.st.stm32cube.ide.mcu.externaltools.gnu-tools-for-stm32.9-2020-q2-update.win32_2.0.0.202105311346/tools/bin/../lib/gcc/arm-none-eabi/9.3.1/thumb/v7e-m+fp/hard\libgcc.a(_dvmd_tls.o)
 .ARM.attributes
                0x00000000000004bf       0x1e c:/st/stm32cubeide_1.8.0/stm32cubeide/plugins/com.st.stm32cube.ide.mcu.externaltools.gnu-tools-for-stm32.9-2020-q2-update.win32_2.0.0.202105311346/tools/bin/../lib/gcc/arm-none-eabi/9.3.1/thumb/v7e-m+fp/hard/crtn.o
OUTPUT(V0.elf elf32-littlearm)
LOAD linker stubs
LOAD c:/st/stm32cubeide_1.8.0/stm32cubeide/plugins/com.st.stm32cube.ide.mcu.externaltools.gnu-tools-for-stm32.9-2020-q2-update.win32_2.0.0.202105311346/tools/bin/../lib/gcc/arm-none-eabi/9.3.1/../../../../arm-none-eabi/lib/thumb/v7e-m+fp/hard\libc.a
LOAD c:/st/stm32cubeide_1.8.0/stm32cubeide/plugins/com.st.stm32cube.ide.mcu.externaltools.gnu-tools-for-stm32.9-2020-q2-update.win32_2.0.0.202105311346/tools/bin/../lib/gcc/arm-none-eabi/9.3.1/../../../../arm-none-eabi/lib/thumb/v7e-m+fp/hard\libm.a
LOAD c:/st/stm32cubeide_1.8.0/stm32cubeide/plugins/com.st.stm32cube.ide.mcu.externaltools.gnu-tools-for-stm32.9-2020-q2-update.win32_2.0.0.202105311346/tools/bin/../lib/gcc/arm-none-eabi/9.3.1/thumb/v7e-m+fp/hard\libgcc.a

.debug_info     0x0000000000000000    0x14b86
 .debug_info    0x0000000000000000     0x1ce9 ./Core/Src/main.o
 .debug_info    0x0000000000001ce9     0x1aa9 ./Core/Src/stm32f4xx_hal_msp.o
 .debug_info    0x0000000000003792      0xe1b ./Core/Src/stm32f4xx_it.o
 .debug_info    0x00000000000045ad      0x5dc ./Core/Src/system_stm32f4xx.o
 .debug_info    0x0000000000004b89       0x22 ./Core/Startup/startup_stm32f412retx.o
 .debug_info    0x0000000000004bab      0x9d8 ./Drivers/STM32F4xx_HAL_Driver/Src/stm32f4xx_hal.o
 .debug_info    0x0000000000005583      0xdbc ./Drivers/STM32F4xx_HAL_Driver/Src/stm32f4xx_hal_adc.o
 .debug_info    0x000000000000633f      0xec5 ./Drivers/STM32F4xx_HAL_Driver/Src/stm32f4xx_hal_cortex.o
 .debug_info    0x0000000000007204      0x9f1 ./Drivers/STM32F4xx_HAL_Driver/Src/stm32f4xx_hal_dma.o
 .debug_info    0x0000000000007bf5      0x892 ./Drivers/STM32F4xx_HAL_Driver/Src/stm32f4xx_hal_gpio.o
 .debug_info    0x0000000000008487     0x265b ./Drivers/STM32F4xx_HAL_Driver/Src/stm32f4xx_hal_i2c.o
 .debug_info    0x000000000000aae2      0x2cb ./Drivers/STM32F4xx_HAL_Driver/Src/stm32f4xx_hal_iwdg.o
 .debug_info    0x000000000000adad      0x9db ./Drivers/STM32F4xx_HAL_Driver/Src/stm32f4xx_hal_rcc.o
 .debug_info    0x000000000000b788      0x89c ./Drivers/STM32F4xx_HAL_Driver/Src/stm32f4xx_hal_rcc_ex.o
 .debug_info    0x000000000000c024     0x17c0 ./Drivers/STM32F4xx_HAL_Driver/Src/stm32f4xx_hal_spi.o
 .debug_info    0x000000000000d7e4     0x2c22 ./Drivers/STM32F4xx_HAL_Driver/Src/stm32f4xx_hal_tim.o
 .debug_info    0x0000000000010406     0x15a2 ./Drivers/STM32F4xx_HAL_Driver/Src/stm32f4xx_hal_tim_ex.o
 .debug_info    0x00000000000119a8     0x31de ./Drivers/STM32F4xx_HAL_Driver/Src/stm32f4xx_hal_uart.o

.debug_abbrev   0x0000000000000000     0x252d
 .debug_abbrev  0x0000000000000000      0x267 ./Core/Src/main.o
 .debug_abbrev  0x0000000000000267      0x206 ./Core/Src/stm32f4xx_hal_msp.o
 .debug_abbrev  0x000000000000046d      0x1a1 ./Core/Src/stm32f4xx_it.o
 .debug_abbrev  0x000000000000060e      0x145 ./Core/Src/system_stm32f4xx.o
 .debug_abbrev  0x0000000000000753       0x12 ./Core/Startup/startup_stm32f412retx.o
 .debug_abbrev  0x0000000000000765      0x1ed ./Drivers/STM32F4xx_HAL_Driver/Src/stm32f4xx_hal.o
 .debug_abbrev  0x0000000000000952      0x22f ./Drivers/STM32F4xx_HAL_Driver/Src/stm32f4xx_hal_adc.o
 .debug_abbrev  0x0000000000000b81      0x33c ./Drivers/STM32F4xx_HAL_Driver/Src/stm32f4xx_hal_cortex.o
 .debug_abbrev  0x0000000000000ebd      0x259 ./Drivers/STM32F4xx_HAL_Driver/Src/stm32f4xx_hal_dma.o
 .debug_abbrev  0x0000000000001116      0x1f1 ./Drivers/STM32F4xx_HAL_Driver/Src/stm32f4xx_hal_gpio.o
 .debug_abbrev  0x0000000000001307      0x282 ./Drivers/STM32F4xx_HAL_Driver/Src/stm32f4xx_hal_i2c.o
 .debug_abbrev  0x0000000000001589      0x152 ./Drivers/STM32F4xx_HAL_Driver/Src/stm32f4xx_hal_iwdg.o
 .debug_abbrev  0x00000000000016db      0x275 ./Drivers/STM32F4xx_HAL_Driver/Src/stm32f4xx_hal_rcc.o
 .debug_abbrev  0x0000000000001950      0x1c0 ./Drivers/STM32F4xx_HAL_Driver/Src/stm32f4xx_hal_rcc_ex.o
 .debug_abbrev  0x0000000000001b10      0x26e ./Drivers/STM32F4xx_HAL_Driver/Src/stm32f4xx_hal_spi.o
 .debug_abbrev  0x0000000000001d7e      0x25e ./Drivers/STM32F4xx_HAL_Driver/Src/stm32f4xx_hal_tim.o
 .debug_abbrev  0x0000000000001fdc      0x266 ./Drivers/STM32F4xx_HAL_Driver/Src/stm32f4xx_hal_tim_ex.o
 .debug_abbrev  0x0000000000002242      0x2eb ./Drivers/STM32F4xx_HAL_Driver/Src/stm32f4xx_hal_uart.o

.debug_aranges  0x0000000000000000     0x12a0
 .debug_aranges
                0x0000000000000000       0x90 ./Core/Src/main.o
 .debug_aranges
                0x0000000000000090       0x70 ./Core/Src/stm32f4xx_hal_msp.o
 .debug_aranges
                0x0000000000000100       0xc0 ./Core/Src/stm32f4xx_it.o
 .debug_aranges
                0x00000000000001c0       0x28 ./Core/Src/system_stm32f4xx.o
 .debug_aranges
                0x00000000000001e8       0x28 ./Core/Startup/startup_stm32f412retx.o
 .debug_aranges
                0x0000000000000210       0xf0 ./Drivers/STM32F4xx_HAL_Driver/Src/stm32f4xx_hal.o
 .debug_aranges
                0x0000000000000300       0xe8 ./Drivers/STM32F4xx_HAL_Driver/Src/stm32f4xx_hal_adc.o
 .debug_aranges
                0x00000000000003e8      0x118 ./Drivers/STM32F4xx_HAL_Driver/Src/stm32f4xx_hal_cortex.o
 .debug_aranges
                0x0000000000000500       0x90 ./Drivers/STM32F4xx_HAL_Driver/Src/stm32f4xx_hal_dma.o
 .debug_aranges
                0x0000000000000590       0x58 ./Drivers/STM32F4xx_HAL_Driver/Src/stm32f4xx_hal_gpio.o
 .debug_aranges
                0x00000000000005e8      0x2a0 ./Drivers/STM32F4xx_HAL_Driver/Src/stm32f4xx_hal_i2c.o
 .debug_aranges
                0x0000000000000888       0x28 ./Drivers/STM32F4xx_HAL_Driver/Src/stm32f4xx_hal_iwdg.o
 .debug_aranges
                0x00000000000008b0       0x88 ./Drivers/STM32F4xx_HAL_Driver/Src/stm32f4xx_hal_rcc.o
 .debug_aranges
                0x0000000000000938       0x60 ./Drivers/STM32F4xx_HAL_Driver/Src/stm32f4xx_hal_rcc_ex.o
 .debug_aranges
                0x0000000000000998      0x1d0 ./Drivers/STM32F4xx_HAL_Driver/Src/stm32f4xx_hal_spi.o
 .debug_aranges
                0x0000000000000b68      0x3d0 ./Drivers/STM32F4xx_HAL_Driver/Src/stm32f4xx_hal_tim.o
 .debug_aranges
                0x0000000000000f38      0x168 ./Drivers/STM32F4xx_HAL_Driver/Src/stm32f4xx_hal_tim_ex.o
 .debug_aranges
                0x00000000000010a0      0x200 ./Drivers/STM32F4xx_HAL_Driver/Src/stm32f4xx_hal_uart.o

.debug_ranges   0x0000000000000000     0x11e0
 .debug_ranges  0x0000000000000000       0x80 ./Core/Src/main.o
 .debug_ranges  0x0000000000000080       0x60 ./Core/Src/stm32f4xx_hal_msp.o
 .debug_ranges  0x00000000000000e0       0xb0 ./Core/Src/stm32f4xx_it.o
 .debug_ranges  0x0000000000000190       0x18 ./Core/Src/system_stm32f4xx.o
 .debug_ranges  0x00000000000001a8       0x20 ./Core/Startup/startup_stm32f412retx.o
 .debug_ranges  0x00000000000001c8       0xe0 ./Drivers/STM32F4xx_HAL_Driver/Src/stm32f4xx_hal.o
 .debug_ranges  0x00000000000002a8       0xd8 ./Drivers/STM32F4xx_HAL_Driver/Src/stm32f4xx_hal_adc.o
 .debug_ranges  0x0000000000000380      0x108 ./Drivers/STM32F4xx_HAL_Driver/Src/stm32f4xx_hal_cortex.o
 .debug_ranges  0x0000000000000488       0x80 ./Drivers/STM32F4xx_HAL_Driver/Src/stm32f4xx_hal_dma.o
 .debug_ranges  0x0000000000000508       0x48 ./Drivers/STM32F4xx_HAL_Driver/Src/stm32f4xx_hal_gpio.o
 .debug_ranges  0x0000000000000550      0x2b8 ./Drivers/STM32F4xx_HAL_Driver/Src/stm32f4xx_hal_i2c.o
 .debug_ranges  0x0000000000000808       0x18 ./Drivers/STM32F4xx_HAL_Driver/Src/stm32f4xx_hal_iwdg.o
 .debug_ranges  0x0000000000000820       0x78 ./Drivers/STM32F4xx_HAL_Driver/Src/stm32f4xx_hal_rcc.o
 .debug_ranges  0x0000000000000898       0x50 ./Drivers/STM32F4xx_HAL_Driver/Src/stm32f4xx_hal_rcc_ex.o
 .debug_ranges  0x00000000000008e8      0x1c0 ./Drivers/STM32F4xx_HAL_Driver/Src/stm32f4xx_hal_spi.o
 .debug_ranges  0x0000000000000aa8      0x3c0 ./Drivers/STM32F4xx_HAL_Driver/Src/stm32f4xx_hal_tim.o
 .debug_ranges  0x0000000000000e68      0x158 ./Drivers/STM32F4xx_HAL_Driver/Src/stm32f4xx_hal_tim_ex.o
 .debug_ranges  0x0000000000000fc0      0x220 ./Drivers/STM32F4xx_HAL_Driver/Src/stm32f4xx_hal_uart.o

.debug_macro    0x0000000000000000    0x20fb8
 .debug_macro   0x0000000000000000      0x232 ./Core/Src/main.o
 .debug_macro   0x0000000000000232      0xaa8 ./Core/Src/main.o
 .debug_macro   0x0000000000000cda      0x2b3 ./Core/Src/main.o
 .debug_macro   0x0000000000000f8d       0x2e ./Core/Src/main.o
 .debug_macro   0x0000000000000fbb       0x28 ./Core/Src/main.o
 .debug_macro   0x0000000000000fe3       0x22 ./Core/Src/main.o
 .debug_macro   0x0000000000001005       0x8e ./Core/Src/main.o
 .debug_macro   0x0000000000001093       0x51 ./Core/Src/main.o
 .debug_macro   0x00000000000010e4      0x103 ./Core/Src/main.o
 .debug_macro   0x00000000000011e7       0x6a ./Core/Src/main.o
 .debug_macro   0x0000000000001251      0x1df ./Core/Src/main.o
 .debug_macro   0x0000000000001430       0x1c ./Core/Src/main.o
 .debug_macro   0x000000000000144c       0x22 ./Core/Src/main.o
 .debug_macro   0x000000000000146e       0xdf ./Core/Src/main.o
 .debug_macro   0x000000000000154d     0x102d ./Core/Src/main.o
 .debug_macro   0x000000000000257a      0x11f ./Core/Src/main.o
 .debug_macro   0x0000000000002699    0x1469c ./Core/Src/main.o
 .debug_macro   0x0000000000016d35       0x6d ./Core/Src/main.o
 .debug_macro   0x0000000000016da2     0x3666 ./Core/Src/main.o
 .debug_macro   0x000000000001a408      0x174 ./Core/Src/main.o
 .debug_macro   0x000000000001a57c       0x5c ./Core/Src/main.o
 .debug_macro   0x000000000001a5d8      0x8ed ./Core/Src/main.o
 .debug_macro   0x000000000001aec5      0x9fe ./Core/Src/main.o
 .debug_macro   0x000000000001b8c3      0x116 ./Core/Src/main.o
 .debug_macro   0x000000000001b9d9      0x192 ./Core/Src/main.o
 .debug_macro   0x000000000001bb6b       0xa5 ./Core/Src/main.o
 .debug_macro   0x000000000001bc10      0x158 ./Core/Src/main.o
 .debug_macro   0x000000000001bd68      0x287 ./Core/Src/main.o
 .debug_macro   0x000000000001bfef       0x5f ./Core/Src/main.o
 .debug_macro   0x000000000001c04e      0x236 ./Core/Src/main.o
 .debug_macro   0x000000000001c284      0x9e1 ./Core/Src/main.o
 .debug_macro   0x000000000001cc65      0x38b ./Core/Src/main.o
 .debug_macro   0x000000000001cff0      0x176 ./Core/Src/main.o
 .debug_macro   0x000000000001d166       0xf9 ./Core/Src/main.o
 .debug_macro   0x000000000001d25f      0x132 ./Core/Src/main.o
 .debug_macro   0x000000000001d391      0x29c ./Core/Src/main.o
 .debug_macro   0x000000000001d62d       0x2e ./Core/Src/main.o
 .debug_macro   0x000000000001d65b      0x1b5 ./Core/Src/main.o
 .debug_macro   0x000000000001d810       0x22 ./Core/Src/main.o
 .debug_macro   0x000000000001d832       0xd6 ./Core/Src/main.o
 .debug_macro   0x000000000001d908       0x78 ./Core/Src/main.o
 .debug_macro   0x000000000001d980      0x11a ./Core/Src/main.o
 .debug_macro   0x000000000001da9a       0x91 ./Core/Src/main.o
 .debug_macro   0x000000000001db2b       0x89 ./Core/Src/main.o
 .debug_macro   0x000000000001dbb4      0x225 ./Core/Src/main.o
 .debug_macro   0x000000000001ddd9      0x8d1 ./Core/Src/main.o
 .debug_macro   0x000000000001e6aa       0x47 ./Core/Src/main.o
 .debug_macro   0x000000000001e6f1      0x295 ./Core/Src/main.o
 .debug_macro   0x000000000001e986      0x126 ./Core/Src/main.o
 .debug_macro   0x000000000001eaac      0x1bf ./Core/Src/main.o
 .debug_macro   0x000000000001ec6b      0x232 ./Core/Src/stm32f4xx_hal_msp.o
 .debug_macro   0x000000000001ee9d      0x23c ./Core/Src/stm32f4xx_it.o
 .debug_macro   0x000000000001f0d9      0x223 ./Core/Src/system_stm32f4xx.o
 .debug_macro   0x000000000001f2fc      0x283 ./Drivers/STM32F4xx_HAL_Driver/Src/stm32f4xx_hal.o
 .debug_macro   0x000000000001f57f      0x224 ./Drivers/STM32F4xx_HAL_Driver/Src/stm32f4xx_hal_adc.o
 .debug_macro   0x000000000001f7a3      0x223 ./Drivers/STM32F4xx_HAL_Driver/Src/stm32f4xx_hal_cortex.o
 .debug_macro   0x000000000001f9c6      0x229 ./Drivers/STM32F4xx_HAL_Driver/Src/stm32f4xx_hal_dma.o
 .debug_macro   0x000000000001fbef      0x229 ./Drivers/STM32F4xx_HAL_Driver/Src/stm32f4xx_hal_gpio.o
 .debug_macro   0x000000000001fe18      0x26a ./Drivers/STM32F4xx_HAL_Driver/Src/stm32f4xx_hal_i2c.o
 .debug_macro   0x0000000000020082      0x22f ./Drivers/STM32F4xx_HAL_Driver/Src/stm32f4xx_hal_iwdg.o
 .debug_macro   0x00000000000202b1      0x247 ./Drivers/STM32F4xx_HAL_Driver/Src/stm32f4xx_hal_rcc.o
 .debug_macro   0x00000000000204f8      0x223 ./Drivers/STM32F4xx_HAL_Driver/Src/stm32f4xx_hal_rcc_ex.o
 .debug_macro   0x000000000002071b      0x232 ./Drivers/STM32F4xx_HAL_Driver/Src/stm32f4xx_hal_spi.o
 .debug_macro   0x000000000002094d      0x224 ./Drivers/STM32F4xx_HAL_Driver/Src/stm32f4xx_hal_tim.o
 .debug_macro   0x0000000000020b71      0x223 ./Drivers/STM32F4xx_HAL_Driver/Src/stm32f4xx_hal_tim_ex.o
 .debug_macro   0x0000000000020d94      0x224 ./Drivers/STM32F4xx_HAL_Driver/Src/stm32f4xx_hal_uart.o

.debug_line     0x0000000000000000    0x165bd
 .debug_line    0x0000000000000000      0xb42 ./Core/Src/main.o
 .debug_line    0x0000000000000b42      0xa86 ./Core/Src/stm32f4xx_hal_msp.o
 .debug_line    0x00000000000015c8      0x950 ./Core/Src/stm32f4xx_it.o
 .debug_line    0x0000000000001f18      0x7ef ./Core/Src/system_stm32f4xx.o
 .debug_line    0x0000000000002707       0x88 ./Core/Startup/startup_stm32f412retx.o
 .debug_line    0x000000000000278f      0xa55 ./Drivers/STM32F4xx_HAL_Driver/Src/stm32f4xx_hal.o
 .debug_line    0x00000000000031e4     0x1213 ./Drivers/STM32F4xx_HAL_Driver/Src/stm32f4xx_hal_adc.o
 .debug_line    0x00000000000043f7      0xd04 ./Drivers/STM32F4xx_HAL_Driver/Src/stm32f4xx_hal_cortex.o
 .debug_line    0x00000000000050fb      0xfba ./Drivers/STM32F4xx_HAL_Driver/Src/stm32f4xx_hal_dma.o
 .debug_line    0x00000000000060b5      0xb7b ./Drivers/STM32F4xx_HAL_Driver/Src/stm32f4xx_hal_gpio.o
 .debug_line    0x0000000000006c30     0x3a01 ./Drivers/STM32F4xx_HAL_Driver/Src/stm32f4xx_hal_i2c.o
 .debug_line    0x000000000000a631      0x7e4 ./Drivers/STM32F4xx_HAL_Driver/Src/stm32f4xx_hal_iwdg.o
 .debug_line    0x000000000000ae15      0xddd ./Drivers/STM32F4xx_HAL_Driver/Src/stm32f4xx_hal_rcc.o
 .debug_line    0x000000000000bbf2     0x1077 ./Drivers/STM32F4xx_HAL_Driver/Src/stm32f4xx_hal_rcc_ex.o
 .debug_line    0x000000000000cc69     0x1cdd ./Drivers/STM32F4xx_HAL_Driver/Src/stm32f4xx_hal_spi.o
 .debug_line    0x000000000000e946     0x3749 ./Drivers/STM32F4xx_HAL_Driver/Src/stm32f4xx_hal_tim.o
 .debug_line    0x000000000001208f     0x1a52 ./Drivers/STM32F4xx_HAL_Driver/Src/stm32f4xx_hal_tim_ex.o
 .debug_line    0x0000000000013ae1     0x2adc ./Drivers/STM32F4xx_HAL_Driver/Src/stm32f4xx_hal_uart.o

.debug_str      0x0000000000000000    0xced87
 .debug_str     0x0000000000000000    0xcab3c ./Core/Src/main.o
                                      0xcaf55 (size before relaxing)
 .debug_str     0x00000000000cab3c      0x101 ./Core/Src/stm32f4xx_hal_msp.o
                                      0xcad2b (size before relaxing)
 .debug_str     0x00000000000cac3d      0x1b6 ./Core/Src/stm32f4xx_it.o
                                      0xca388 (size before relaxing)
 .debug_str     0x00000000000cadf3       0xaf ./Core/Src/system_stm32f4xx.o
                                      0xc924d (size before relaxing)
 .debug_str     0x00000000000caea2       0x36 ./Core/Startup/startup_stm32f412retx.o
                                         0xb1 (size before relaxing)
 .debug_str     0x00000000000caed8      0x583 ./Drivers/STM32F4xx_HAL_Driver/Src/stm32f4xx_hal.o
                                      0xc9d09 (size before relaxing)
 .debug_str     0x00000000000cb45b      0x29d ./Drivers/STM32F4xx_HAL_Driver/Src/stm32f4xx_hal_adc.o
                                      0xc97d5 (size before relaxing)
 .debug_str     0x00000000000cb6f8      0x392 ./Drivers/STM32F4xx_HAL_Driver/Src/stm32f4xx_hal_cortex.o
                                      0xc9ad4 (size before relaxing)
 .debug_str     0x00000000000cba8a      0x315 ./Drivers/STM32F4xx_HAL_Driver/Src/stm32f4xx_hal_dma.o
                                      0xc9653 (size before relaxing)
 .debug_str     0x00000000000cbd9f      0x15f ./Drivers/STM32F4xx_HAL_Driver/Src/stm32f4xx_hal_gpio.o
                                      0xc93fa (size before relaxing)
 .debug_str     0x00000000000cbefe      0xaae ./Drivers/STM32F4xx_HAL_Driver/Src/stm32f4xx_hal_i2c.o
                                      0xca1b0 (size before relaxing)
 .debug_str     0x00000000000cc9ac       0xf3 ./Drivers/STM32F4xx_HAL_Driver/Src/stm32f4xx_hal_iwdg.o
                                      0xc9209 (size before relaxing)
 .debug_str     0x00000000000cca9f      0x24e ./Drivers/STM32F4xx_HAL_Driver/Src/stm32f4xx_hal_rcc.o
                                      0xc9654 (size before relaxing)
 .debug_str     0x00000000000ccced      0x235 ./Drivers/STM32F4xx_HAL_Driver/Src/stm32f4xx_hal_rcc_ex.o
                                      0xc957e (size before relaxing)
 .debug_str     0x00000000000ccf22      0x55f ./Drivers/STM32F4xx_HAL_Driver/Src/stm32f4xx_hal_spi.o
                                      0xc9acd (size before relaxing)
 .debug_str     0x00000000000cd481      0xe1c ./Drivers/STM32F4xx_HAL_Driver/Src/stm32f4xx_hal_tim.o
                                      0xca558 (size before relaxing)
 .debug_str     0x00000000000ce29d      0x4ee ./Drivers/STM32F4xx_HAL_Driver/Src/stm32f4xx_hal_tim_ex.o
                                      0xc9d09 (size before relaxing)
 .debug_str     0x00000000000ce78b      0x5fc ./Drivers/STM32F4xx_HAL_Driver/Src/stm32f4xx_hal_uart.o
                                      0xc9bb1 (size before relaxing)

.comment        0x0000000000000000       0x53
 .comment       0x0000000000000000       0x53 ./Core/Src/main.o
                                         0x54 (size before relaxing)
 .comment       0x0000000000000053       0x54 ./Core/Src/stm32f4xx_hal_msp.o
 .comment       0x0000000000000053       0x54 ./Core/Src/stm32f4xx_it.o
 .comment       0x0000000000000053       0x54 ./Core/Src/system_stm32f4xx.o
 .comment       0x0000000000000053       0x54 ./Drivers/STM32F4xx_HAL_Driver/Src/stm32f4xx_hal.o
 .comment       0x0000000000000053       0x54 ./Drivers/STM32F4xx_HAL_Driver/Src/stm32f4xx_hal_adc.o
 .comment       0x0000000000000053       0x54 ./Drivers/STM32F4xx_HAL_Driver/Src/stm32f4xx_hal_cortex.o
 .comment       0x0000000000000053       0x54 ./Drivers/STM32F4xx_HAL_Driver/Src/stm32f4xx_hal_dma.o
 .comment       0x0000000000000053       0x54 ./Drivers/STM32F4xx_HAL_Driver/Src/stm32f4xx_hal_gpio.o
 .comment       0x0000000000000053       0x54 ./Drivers/STM32F4xx_HAL_Driver/Src/stm32f4xx_hal_i2c.o
 .comment       0x0000000000000053       0x54 ./Drivers/STM32F4xx_HAL_Driver/Src/stm32f4xx_hal_iwdg.o
 .comment       0x0000000000000053       0x54 ./Drivers/STM32F4xx_HAL_Driver/Src/stm32f4xx_hal_rcc.o
 .comment       0x0000000000000053       0x54 ./Drivers/STM32F4xx_HAL_Driver/Src/stm32f4xx_hal_rcc_ex.o
 .comment       0x0000000000000053       0x54 ./Drivers/STM32F4xx_HAL_Driver/Src/stm32f4xx_hal_spi.o
 .comment       0x0000000000000053       0x54 ./Drivers/STM32F4xx_HAL_Driver/Src/stm32f4xx_hal_tim.o
 .comment       0x0000000000000053       0x54 ./Drivers/STM32F4xx_HAL_Driver/Src/stm32f4xx_hal_tim_ex.o
 .comment       0x0000000000000053       0x54 ./Drivers/STM32F4xx_HAL_Driver/Src/stm32f4xx_hal_uart.o

.debug_frame    0x0000000000000000     0x4fdc
 .debug_frame   0x0000000000000000      0x1dc ./Core/Src/main.o
 .debug_frame   0x00000000000001dc      0x1a4 ./Core/Src/stm32f4xx_hal_msp.o
 .debug_frame   0x0000000000000380      0x254 ./Core/Src/stm32f4xx_it.o
 .debug_frame   0x00000000000005d4       0x58 ./Core/Src/system_stm32f4xx.o
 .debug_frame   0x000000000000062c      0x374 ./Drivers/STM32F4xx_HAL_Driver/Src/stm32f4xx_hal.o
 .debug_frame   0x00000000000009a0      0x3fc ./Drivers/STM32F4xx_HAL_Driver/Src/stm32f4xx_hal_adc.o
 .debug_frame   0x0000000000000d9c      0x498 ./Drivers/STM32F4xx_HAL_Driver/Src/stm32f4xx_hal_cortex.o
 .debug_frame   0x0000000000001234      0x250 ./Drivers/STM32F4xx_HAL_Driver/Src/stm32f4xx_hal_dma.o
 .debug_frame   0x0000000000001484      0x14c ./Drivers/STM32F4xx_HAL_Driver/Src/stm32f4xx_hal_gpio.o
 .debug_frame   0x00000000000015d0      0xc5c ./Drivers/STM32F4xx_HAL_Driver/Src/stm32f4xx_hal_i2c.o
 .debug_frame   0x000000000000222c       0x5c ./Drivers/STM32F4xx_HAL_Driver/Src/stm32f4xx_hal_iwdg.o
 .debug_frame   0x0000000000002288      0x1f0 ./Drivers/STM32F4xx_HAL_Driver/Src/stm32f4xx_hal_rcc.o
 .debug_frame   0x0000000000002478      0x16c ./Drivers/STM32F4xx_HAL_Driver/Src/stm32f4xx_hal_rcc_ex.o
 .debug_frame   0x00000000000025e4      0x824 ./Drivers/STM32F4xx_HAL_Driver/Src/stm32f4xx_hal_spi.o
 .debug_frame   0x0000000000002e08     0x11c4 ./Drivers/STM32F4xx_HAL_Driver/Src/stm32f4xx_hal_tim.o
 .debug_frame   0x0000000000003fcc      0x638 ./Drivers/STM32F4xx_HAL_Driver/Src/stm32f4xx_hal_tim_ex.o
 .debug_frame   0x0000000000004604      0x92c ./Drivers/STM32F4xx_HAL_Driver/Src/stm32f4xx_hal_uart.o
 .debug_frame   0x0000000000004f30       0x2c c:/st/stm32cubeide_1.8.0/stm32cubeide/plugins/com.st.stm32cube.ide.mcu.externaltools.gnu-tools-for-stm32.9-2020-q2-update.win32_2.0.0.202105311346/tools/bin/../lib/gcc/arm-none-eabi/9.3.1/../../../../arm-none-eabi/lib/thumb/v7e-m+fp/hard\libc_nano.a(lib_a-init.o)
 .debug_frame   0x0000000000004f5c       0x20 c:/st/stm32cubeide_1.8.0/stm32cubeide/plugins/com.st.stm32cube.ide.mcu.externaltools.gnu-tools-for-stm32.9-2020-q2-update.win32_2.0.0.202105311346/tools/bin/../lib/gcc/arm-none-eabi/9.3.1/../../../../arm-none-eabi/lib/thumb/v7e-m+fp/hard\libc_nano.a(lib_a-memset.o)
 .debug_frame   0x0000000000004f7c       0x2c c:/st/stm32cubeide_1.8.0/stm32cubeide/plugins/com.st.stm32cube.ide.mcu.externaltools.gnu-tools-for-stm32.9-2020-q2-update.win32_2.0.0.202105311346/tools/bin/../lib/gcc/arm-none-eabi/9.3.1/thumb/v7e-m+fp/hard\libgcc.a(_aeabi_uldivmod.o)
 .debug_frame   0x0000000000004fa8       0x34 c:/st/stm32cubeide_1.8.0/stm32cubeide/plugins/com.st.stm32cube.ide.mcu.externaltools.gnu-tools-for-stm32.9-2020-q2-update.win32_2.0.0.202105311346/tools/bin/../lib/gcc/arm-none-eabi/9.3.1/thumb/v7e-m+fp/hard\libgcc.a(_udivmoddi4.o)
