main.c:95:5:main	8	static
main.c:149:6:SystemClock_Config	88	static
main.c:196:13:MX_ADC1_Init	24	static
main.c:270:13:MX_I2C1_Init	8	static
main.c:304:13:MX_IWDG_Init	8	static
main.c:332:13:MX_SPI1_Init	8	static
main.c:370:13:MX_SPI3_Init	8	static
main.c:408:13:MX_TIM6_Init	16	static
main.c:446:13:MX_TIM7_Init	8	static
main.c:476:13:MX_USART1_UART_Init	8	static
main.c:509:13:MX_USART2_UART_Init	8	static
main.c:542:13:MX_USART6_UART_Init	8	static
main.c:573:13:MX_DMA_Init	16	static
main.c:607:13:MX_GPIO_Init	48	static
main.c:729:6:Error_Handler	4	static,ignoring_inline_asm
